---
source: crates/kgr/tests/snapshots.rs
assertion_line: 93
expression: stdout
---
FILE                                               LANG         LOCAL-IN LOCAL-OUT   EXT  CYCLES STATUS
---------------------------------------------------------------------------------------------------------
__init__.py                                        python        0         0     0       — orphan
main.py                                            python        0         2     0       — entry
models.py                                          python        1         0     0       — —
utils.py                                           python        1         0     0       — —
