---
source: crates/kgr/tests/snapshots.rs
expression: stdout
---
FILE                                               LANG         LOCAL-IN LOCAL-OUT   EXT  CYCLES STATUS
---------------------------------------------------------------------------------------------------------
__init__.py                                        python        1         0     0       — —
main.py                                            python        0         1     0       — entry
models.py                                          python        0         0     0       — orphan
utils.py                                           python        0         0     0       — orphan
