---
source: crates/kgr/tests/snapshots.rs
assertion_line: 90
expression: stdout
---
{
  "cycles": [],
  "edges": [
    {
      "from": "main.py",
      "kind": "local",
      "to": "utils.py"
    },
    {
      "from": "main.py",
      "kind": "local",
      "to": "models.py"
    }
  ],
  "external_deps": {},
  "files": [
    {
      "calls": [],
      "imports": [],
      "lang": "python",
      "path": "__init__.py",
      "symbols": []
    },
    {
      "calls": [
        {
          "callee_raw": "models.load",
          "span": {
            "end_col": 22,
            "end_line": 6,
            "start_col": 18,
            "start_line": 6
          }
        },
        {
          "callee_raw": "utils.process",
          "span": {
            "end_col": 26,
            "end_line": 7,
            "start_col": 19,
            "start_line": 7
          }
        },
        {
          "callee_raw": "print",
          "span": {
            "end_col": 9,
            "end_line": 8,
            "start_col": 4,
            "start_line": 8
          }
        },
        {
          "callee_raw": "main",
          "span": {
            "end_col": 8,
            "end_line": 12,
            "start_col": 4,
            "start_line": 12
          }
        }
      ],
      "imports": [
        {
          "kind": "local",
          "raw": ".utils",
          "resolved": "utils.py",
          "span": {
            "end_col": 19,
            "end_line": 1,
            "start_col": 14,
            "start_line": 1
          }
        },
        {
          "kind": "local",
          "raw": ".models",
          "resolved": "models.py",
          "span": {
            "end_col": 20,
            "end_line": 2,
            "start_col": 14,
            "start_line": 2
          }
        }
      ],
      "lang": "python",
      "path": "main.py",
      "symbols": [
        {
          "exported": true,
          "kind": "function",
          "name": "main",
          "span": {
            "end_col": 17,
            "end_line": 8,
            "start_col": 0,
            "start_line": 5
          }
        }
      ]
    },
    {
      "calls": [],
      "imports": [],
      "lang": "python",
      "path": "models.py",
      "symbols": [
        {
          "exported": true,
          "kind": "function",
          "name": "load",
          "span": {
            "end_col": 29,
            "end_line": 2,
            "start_col": 0,
            "start_line": 1
          }
        }
      ]
    },
    {
      "calls": [
        {
          "callee_raw": "x.upper",
          "span": {
            "end_col": 19,
            "end_line": 2,
            "start_col": 14,
            "start_line": 2
          }
        }
      ],
      "imports": [],
      "lang": "python",
      "path": "utils.py",
      "symbols": [
        {
          "exported": true,
          "kind": "function",
          "name": "process",
          "span": {
            "end_col": 36,
            "end_line": 2,
            "start_col": 0,
            "start_line": 1
          }
        }
      ]
    }
  ],
  "orphans": [
    "__init__.py"
  ],
  "root": "[FIXTURES]/python/simple",
  "roots": [
    "__init__.py",
    "main.py"
  ],
  "structural_entries": [],
  "test_entries": []
}
