---
source: crates/kgr/tests/snapshots.rs
assertion_line: 111
expression: stdout
---
{
  "cycles": [],
  "edges": [
    {
      "from": "app.mjs",
      "kind": "local",
      "to": "helper.js"
    }
  ],
  "external_deps": {},
  "files": [
    {
      "calls": [
        {
          "callee_raw": "console.log",
          "span": {
            "end_col": 11,
            "end_line": 3,
            "start_col": 8,
            "start_line": 3
          }
        },
        {
          "callee_raw": "helper",
          "span": {
            "end_col": 18,
            "end_line": 3,
            "start_col": 12,
            "start_line": 3
          }
        }
      ],
      "imports": [
        {
          "kind": "local",
          "raw": "./helper.js",
          "resolved": "helper.js",
          "span": {
            "end_col": 35,
            "end_line": 1,
            "start_col": 24,
            "start_line": 1
          }
        }
      ],
      "lang": "javascript",
      "path": "app.mjs",
      "symbols": []
    },
    {
      "calls": [],
      "imports": [],
      "lang": "javascript",
      "path": "helper.js",
      "symbols": [
        {
          "exported": true,
          "kind": "function",
          "name": "helper",
          "span": {
            "end_col": 1,
            "end_line": 3,
            "start_col": 7,
            "start_line": 1
          }
        }
      ]
    }
  ],
  "orphans": [],
  "root": "[FIXTURES]/javascript/mixed",
  "roots": [
    "app.mjs"
  ],
  "structural_entries": [],
  "test_entries": []
}
